// Jest Snapshot v1, https://goo.gl/fbAQLP

exports[`ChooseRegion should match snapshot 1`] = `
<Fragment>
  <main
    className="choose-region-main"
  >
    <h1
      className="choose-region-heading"
    >
      Choose a Region
    </h1>
    <div
      className="region-button-container"
    >
      <div
        className="region-img-p"
      >
        <img
          className="region"
          onClick={[Function]}
          src="https://svgsilh.com/svg/151640.svg"
        />
        <p>
          Africa
        </p>
      </div>
      <div
        className="region-img-p"
      >
        <img
          className="region"
          onClick={[Function]}
          src="https://svgsilh.com/svg/151641.svg"
        />
        <p>
          Europe
        </p>
      </div>
      <div
        className="region-img-p"
      >
        <img
          className="region"
          onClick={[Function]}
          src="https://svgsilh.com/svg/307197.svg"
        />
        <p>
          Asia
        </p>
      </div>
      <div
        className="region-img-p"
      >
        <img
          className="region"
          onClick={[Function]}
          src="https://svgsilh.com/svg_v2/714733.svg"
        />
        <p>
          Americas
        </p>
      </div>
      <div
        className="region-img-p"
      >
        <img
          className="region"
          onClick={[Function]}
          src="https://svgsilh.com/svg/23512.svg"
        />
        <p>
          Oceania
        </p>
      </div>
    </div>
    <div
      className="flag-amount-container"
    >
      <h4
        onClick={[Function]}
        role="button"
        type="button"
      >
        Test me on 
        <span>
          ten
        </span>
         flags for this region
      </h4>
      <h4
        onClick={[Function]}
        role="button"
        type="button"
      >
        Test Me On 
        <span>
          All
        </span>
         Flags For This Region
      </h4>
    </div>
    <Link
      className="router-link"
      to="/flag-fest/play"
    >
      <h4
        className="play-button"
        onClick={[Function]}
        role="button"
      >
        Play!
      </h4>
    </Link>
  </main>
  <footer
    className="choose-region-footer"
  >
    <Link
      className="router-link"
      to=""
    >
      <h4
        className="back-button"
      >
         ⏎ Back
      </h4>
    </Link>
  </footer>
</Fragment>
`;
