// Jest Snapshot v1, https://goo.gl/fbAQLP

exports[`ResultsCard should match snapshot 1`] = `
<main
  className="results-card"
>
  <h4
    className="final-score"
  >
    Score: 
    1
    /
    2
  </h4>
  <section
    className="correct-answers-display"
  >
    Correct Answers: 
    <div
      className="correct-answer"
      key="688"
    >
      <img
        src="https://restcountries.eu/data/srb.svg"
      />
      <p>
        Serbia
      </p>
    </div>
    <div
      className="correct-answer"
      key="442"
    >
      <img
        src="https://restcountries.eu/data/lux.svg"
      />
      <p>
        Luxembourg
      </p>
    </div>
  </section>
  <Link
    className="play-again-link"
    to="/"
  >
    <p
      className="play-again"
      role="button"
    >
      Play Again!
    </p>
  </Link>
</main>
`;
