// Jest Snapshot v1, https://goo.gl/fbAQLP

exports[`StartPage should match snapshot 1`] = `
<div
  className="start-content"
>
  <h1
    className="flag-fest-heading"
  >
    Flag Fest
  </h1>
  <Link
    className="router-link"
    to="/flag-fest"
  >
    <div
      className="start-button-container"
    >
      <h3
        className="start-button"
        role="button"
      >
        START GAME
      </h3>
    </div>
  </Link>
</div>
`;
